[INFO] Scanning for projects...
[INFO] 
[INFO] -------------< com.hospital.admin:hospital-admin-service >--------------
[INFO] Building hospital-admin-service 0.0.1-SNAPSHOT
[INFO]   from pom.xml
[INFO] --------------------------------[ jar ]---------------------------------
[INFO] 
[INFO] --- clean:3.5.0:clean (default-clean) @ hospital-admin-service ---
[INFO] Deleting D:\Hospital\hospital-admin-service\target
[INFO] 
[INFO] --- resources:3.3.1:resources (default-resources) @ hospital-admin-service ---
[INFO] Copying 1 resource from src\main\resources to target\classes
[INFO] Copying 0 resource from src\main\resources to target\classes
[INFO] 
[INFO] --- compiler:3.14.1:compile (default-compile) @ hospital-admin-service ---
[INFO] Recompiling the module because of changed source code.
[INFO] Compiling 69 source files with javac [debug parameters release 17] to target\classes
[WARNING] /D:/Hospital/hospital-admin-service/src/main/java/com/hospital/admin/entity/RolePrivilages.java:[14,1] Generating equals/hashCode implementation but without a call to superclass, even though this class does not extend java.lang.Object. If this is intentional, add '@EqualsAndHashCode(callSuper=false)' to your type.
[WARNING] /D:/Hospital/hospital-admin-service/src/main/java/com/hospital/admin/entity/ModulePrivilages.java:[18,1] Generating equals/hashCode implementation but without a call to superclass, even though this class does not extend java.lang.Object. If this is intentional, add '@EqualsAndHashCode(callSuper=false)' to your type.
[WARNING] /D:/Hospital/hospital-admin-service/src/main/java/com/hospital/admin/entity/UserModuleRole.java:[9,1] Generating equals/hashCode implementation but without a call to superclass, even though this class does not extend java.lang.Object. If this is intentional, add '@EqualsAndHashCode(callSuper=false)' to your type.
[WARNING] /D:/Hospital/hospital-admin-service/src/main/java/com/hospital/admin/entity/ModuleSubPage.java:[17,1] Generating equals/hashCode implementation but without a call to superclass, even though this class does not extend java.lang.Object. If this is intentional, add '@EqualsAndHashCode(callSuper=false)' to your type.
[WARNING] /D:/Hospital/hospital-admin-service/src/main/java/com/hospital/admin/entity/Modules.java:[20,1] Generating equals/hashCode implementation but without a call to superclass, even though this class does not extend java.lang.Object. If this is intentional, add '@EqualsAndHashCode(callSuper=false)' to your type.
[WARNING] /D:/Hospital/hospital-admin-service/src/main/java/com/hospital/admin/entity/DropDownMasters.java:[16,1] Generating equals/hashCode implementation but without a call to superclass, even though this class does not extend java.lang.Object. If this is intentional, add '@EqualsAndHashCode(callSuper=false)' to your type.
[WARNING] /D:/Hospital/hospital-admin-service/src/main/java/com/hospital/admin/entity/Users.java:[13,1] Generating equals/hashCode implementation but without a call to superclass, even though this class does not extend java.lang.Object. If this is intentional, add '@EqualsAndHashCode(callSuper=false)' to your type.
[WARNING] /D:/Hospital/hospital-admin-service/src/main/java/com/hospital/admin/entity/Roles.java:[18,1] Generating equals/hashCode implementation but without a call to superclass, even though this class does not extend java.lang.Object. If this is intentional, add '@EqualsAndHashCode(callSuper=false)' to your type.
[WARNING] /D:/Hospital/hospital-admin-service/src/main/java/com/hospital/admin/entity/Department.java:[15,1] Generating equals/hashCode implementation but without a call to superclass, even though this class does not extend java.lang.Object. If this is intentional, add '@EqualsAndHashCode(callSuper=false)' to your type.
[INFO] ------------------------------------------------------------------------
[INFO] BUILD SUCCESS
[INFO] ------------------------------------------------------------------------
[INFO] Total time:  8.240 s
[INFO] Finished at: 2026-04-23T09:44:53+05:30
[INFO] ------------------------------------------------------------------------
